2025-09-11 07:31:57,568 - INFO - Shiny for Python application initialized
2025-09-11 07:39:33,122 - INFO - Shiny for Python application initialized
2025-09-11 07:39:33,218 - INFO - Shiny for Python application created successfully
2025-09-11 07:39:49,551 - INFO - Shiny for Python application initialized
2025-09-11 07:39:49,612 - INFO - Shiny for Python application created successfully
2025-09-11 07:39:50,531 - INFO - New session started - Session: py_90531
2025-09-11 07:39:50,548 - INFO - Session ended - Session: py_90531
2025-09-11 07:41:44,014 - INFO - Shiny for Python application initialized
2025-09-11 07:41:44,068 - INFO - Shiny for Python application created successfully
2025-09-11 07:41:49,536 - INFO - New session started - Session: py_9536
2025-09-11 07:41:49,546 - INFO - Session ended - Session: py_9536
2025-09-11 08:03:39,260 - INFO - Shiny for Python application initialized
2025-09-11 08:03:39,353 - INFO - Shiny for Python application created successfully
2025-09-11 08:03:39,524 - INFO - New session started - Session: py_19524
2025-09-11 08:03:39,561 - INFO - API health check successful - Session: py_19524 - response_time: 0.030s
2025-09-11 08:04:05,821 - INFO - Session ended - Session: py_19524
2025-09-11 08:04:06,869 - INFO - Shiny for Python application initialized
2025-09-11 08:04:06,947 - INFO - Shiny for Python application created successfully
2025-09-11 08:04:07,077 - INFO - New session started - Session: py_47077
2025-09-11 08:04:07,094 - INFO - API health check successful - Session: py_47077 - response_time: 0.009s
2025-09-11 08:04:54,517 - INFO - Starting prediction request - Session: py_47077 - request_data: [{"bill_length_mm": 45.0, "species_Chinstrap": 0, "species_Gentoo": 0, "sex_male": 1}]
2025-09-11 08:04:54,554 - INFO - Prediction successful - Session: py_47077 - response_time: 0.037s - prediction: 4180.796549720755
2025-09-11 08:04:54,554 - INFO - Displaying prediction to user - Session: py_47077 - display_value: 4180.8 grams
2025-09-11 08:05:15,163 - INFO - Session ended - Session: py_47077
2025-09-11 08:17:24,851 - INFO - Shiny for Python application initialized
2025-09-11 08:17:24,890 - INFO - Shiny for Python application created successfully
2025-09-11 08:17:33,909 - INFO - New session started - Session: py_53909
2025-09-11 08:17:33,918 - INFO - API health check successful - Session: py_53909 - response_time: 0.006s
2025-09-11 08:29:01,354 - INFO - Session ended - Session: py_53909
2025-09-11 08:29:02,203 - INFO - Shiny for Python application initialized
2025-09-11 08:29:02,256 - INFO - Shiny for Python application created successfully
2025-09-11 08:29:02,383 - INFO - New session started - Session: py_42383
2025-09-11 08:29:02,398 - INFO - API health check successful - Session: py_42383 - response_time: 0.006s
2025-09-11 08:29:10,730 - INFO - Session ended - Session: py_42383
2025-09-11 08:29:11,538 - INFO - Shiny for Python application initialized
2025-09-11 08:29:11,589 - INFO - Shiny for Python application created successfully
2025-09-11 08:29:11,694 - INFO - New session started - Session: py_51694
2025-09-11 08:29:11,708 - INFO - API health check successful - Session: py_51694 - response_time: 0.009s
2025-09-11 08:29:22,985 - INFO - Session ended - Session: py_51694
2025-09-11 08:29:23,766 - INFO - Shiny for Python application initialized
2025-09-11 08:29:23,816 - INFO - Shiny for Python application created successfully
2025-09-11 08:29:23,905 - INFO - New session started - Session: py_63905
2025-09-11 08:29:23,917 - INFO - API health check successful - Session: py_63905 - response_time: 0.006s
2025-09-11 08:29:29,208 - INFO - Session ended - Session: py_63905
2025-09-11 08:29:29,909 - INFO - Shiny for Python application initialized
2025-09-11 08:29:29,963 - INFO - Shiny for Python application created successfully
2025-09-11 08:29:30,055 - INFO - New session started - Session: py_70055
2025-09-11 08:29:30,068 - INFO - API health check successful - Session: py_70055 - response_time: 0.006s
2025-09-11 08:29:39,243 - INFO - Session ended - Session: py_70055
2025-09-11 08:29:39,954 - INFO - Shiny for Python application initialized
2025-09-11 08:29:40,008 - INFO - Shiny for Python application created successfully
2025-09-11 08:29:40,097 - INFO - New session started - Session: py_80097
2025-09-11 08:29:40,109 - INFO - API health check successful - Session: py_80097 - response_time: 0.006s
2025-09-11 08:30:04,933 - INFO - Session ended - Session: py_80097
2025-09-11 08:30:05,701 - INFO - Shiny for Python application initialized
2025-09-11 08:30:05,750 - INFO - Shiny for Python application created successfully
2025-09-11 08:30:05,850 - INFO - New session started - Session: py_5850
2025-09-11 08:30:05,863 - INFO - API health check successful - Session: py_5850 - response_time: 0.006s
2025-09-11 08:30:09,629 - INFO - Session ended - Session: py_5850
2025-09-11 08:30:10,416 - INFO - Shiny for Python application initialized
2025-09-11 08:30:10,479 - INFO - Shiny for Python application created successfully
2025-09-11 08:30:10,573 - INFO - New session started - Session: py_10573
2025-09-11 08:30:10,583 - INFO - API health check successful - Session: py_10573 - response_time: 0.005s
2025-09-11 08:30:36,488 - INFO - Session ended - Session: py_10573
2025-09-11 08:30:37,167 - INFO - Shiny for Python application initialized
2025-09-11 08:30:37,217 - INFO - Shiny for Python application created successfully
2025-09-11 08:30:37,322 - INFO - New session started - Session: py_37322
2025-09-11 08:30:37,337 - INFO - API health check successful - Session: py_37322 - response_time: 0.006s
2025-09-11 08:30:50,425 - INFO - Session ended - Session: py_37322
2025-09-11 08:30:51,122 - INFO - Shiny for Python application initialized
2025-09-11 08:30:51,177 - INFO - Shiny for Python application created successfully
2025-09-11 08:30:51,270 - INFO - New session started - Session: py_51270
2025-09-11 08:30:51,283 - INFO - API health check successful - Session: py_51270 - response_time: 0.007s
2025-09-11 08:30:57,338 - INFO - Session ended - Session: py_51270
2025-09-11 08:30:58,066 - INFO - Shiny for Python application initialized
2025-09-11 08:30:58,117 - INFO - Shiny for Python application created successfully
2025-09-11 08:30:58,217 - INFO - New session started - Session: py_58217
2025-09-11 08:30:58,231 - INFO - API health check successful - Session: py_58217 - response_time: 0.009s
2025-09-11 08:31:04,897 - INFO - Session ended - Session: py_58217
2025-09-11 08:31:05,591 - INFO - Shiny for Python application initialized
2025-09-11 08:31:05,637 - INFO - Shiny for Python application created successfully
2025-09-11 08:31:05,729 - INFO - New session started - Session: py_65729
2025-09-11 08:31:05,738 - INFO - API health check successful - Session: py_65729 - response_time: 0.005s
2025-09-11 08:31:19,281 - INFO - Session ended - Session: py_65729
2025-09-11 08:31:19,949 - INFO - Shiny for Python application initialized
2025-09-11 08:31:20,003 - INFO - Shiny for Python application created successfully
2025-09-11 08:31:20,094 - INFO - New session started - Session: py_80094
2025-09-11 08:31:20,105 - INFO - API health check successful - Session: py_80094 - response_time: 0.006s
2025-09-11 08:31:32,033 - INFO - Session ended - Session: py_80094
2025-09-11 08:31:32,673 - INFO - Shiny for Python application initialized
2025-09-11 08:31:32,729 - INFO - Shiny for Python application created successfully
2025-09-11 08:31:32,829 - INFO - New session started - Session: py_92829
2025-09-11 08:31:32,840 - INFO - API health check successful - Session: py_92829 - response_time: 0.006s
2025-09-11 08:31:38,619 - INFO - Session ended - Session: py_92829
2025-09-11 08:31:39,383 - INFO - Shiny for Python application initialized
2025-09-11 08:31:39,439 - INFO - Shiny for Python application created successfully
2025-09-11 08:31:39,528 - INFO - New session started - Session: py_99528
2025-09-11 08:31:39,541 - INFO - API health check successful - Session: py_99528 - response_time: 0.007s
2025-09-11 08:32:19,345 - INFO - Starting prediction request - Session: py_99528 - request_data: [{"bill_length_mm": 45.0, "species_Chinstrap": 0, "species_Gentoo": 0, "sex_male": 1}]
2025-09-11 08:32:19,353 - INFO - Prediction successful - Session: py_99528 - response_time: 0.008s - prediction: 4180.796549720755
2025-09-11 08:32:19,353 - INFO - Displaying prediction to user - Session: py_99528 - display_value: 4180.8 grams
2025-09-11 09:41:03,985 - INFO - Session ended - Session: py_99528
2025-09-11 09:41:05,031 - INFO - Shiny for Python application initialized
2025-09-11 09:41:05,082 - INFO - Shiny for Python application created successfully
2025-09-11 09:41:05,205 - INFO - New session started - Session: py_65205
2025-09-11 09:41:05,237 - INFO - API health check successful - Session: py_65205 - response_time: 0.023s
2025-09-11 09:42:19,355 - INFO - Session ended - Session: py_65205
2025-09-11 09:42:20,444 - INFO - Shiny for Python application initialized
2025-09-11 09:42:20,504 - INFO - Shiny for Python application created successfully
2025-09-11 09:42:20,619 - INFO - New session started - Session: py_40619
2025-09-11 09:42:20,638 - INFO - API health check successful - Session: py_40619 - response_time: 0.009s
2025-09-11 09:43:20,970 - INFO - Starting prediction request - Session: py_40619 - request_data: [{"bill_length_mm": 45.0, "species_Chinstrap": 0, "species_Gentoo": 0, "sex_male": 1}]
2025-09-11 09:43:20,991 - INFO - Prediction successful - Session: py_40619 - response_time: 0.021s - prediction: 4180.796549720755
2025-09-11 09:43:20,991 - INFO - Displaying prediction to user - Session: py_40619 - display_value: 4180.8 grams
2025-09-11 09:44:35,408 - INFO - Session ended - Session: py_40619
2025-09-11 09:44:36,375 - INFO - Shiny for Python application initialized
2025-09-11 09:44:36,447 - INFO - Shiny for Python application created successfully
2025-09-11 09:44:36,614 - INFO - New session started - Session: py_76614
2025-09-11 09:44:36,634 - INFO - API health check successful - Session: py_76614 - response_time: 0.014s
2025-09-11 09:44:48,683 - INFO - Session ended - Session: py_76614
2025-09-11 09:44:49,519 - INFO - Shiny for Python application initialized
2025-09-11 09:44:49,579 - INFO - Shiny for Python application created successfully
2025-09-11 09:44:49,693 - INFO - New session started - Session: py_89693
2025-09-11 09:44:49,709 - INFO - API health check successful - Session: py_89693 - response_time: 0.009s
2025-09-11 09:45:11,411 - INFO - Session ended - Session: py_89693
2025-09-11 09:45:12,200 - INFO - Shiny for Python application initialized
2025-09-11 09:45:12,261 - INFO - Shiny for Python application created successfully
2025-09-11 09:45:12,358 - INFO - New session started - Session: py_12358
2025-09-11 09:45:12,372 - INFO - API health check successful - Session: py_12358 - response_time: 0.006s
2025-09-11 09:45:29,129 - INFO - Session ended - Session: py_12358
2025-09-11 09:45:29,953 - INFO - Shiny for Python application initialized
2025-09-11 09:45:30,017 - INFO - Shiny for Python application created successfully
2025-09-11 09:45:30,128 - INFO - New session started - Session: py_30128
2025-09-11 09:45:30,145 - INFO - API health check successful - Session: py_30128 - response_time: 0.011s
2025-09-11 09:46:04,208 - INFO - Session ended - Session: py_30128
2025-09-11 09:46:05,002 - INFO - Shiny for Python application initialized
2025-09-11 09:46:05,059 - INFO - Shiny for Python application created successfully
2025-09-11 09:46:05,163 - INFO - New session started - Session: py_65163
2025-09-11 09:46:05,179 - INFO - API health check successful - Session: py_65163 - response_time: 0.008s
2025-09-11 09:46:32,180 - INFO - Starting prediction request - Session: py_65163 - request_data: [{"bill_length_mm": 45.0, "species_Chinstrap": 0, "species_Gentoo": 0, "sex_male": 1}]
2025-09-11 09:46:32,187 - INFO - Prediction successful - Session: py_65163 - response_time: 0.007s - prediction: 4180.796549720755
2025-09-11 09:46:32,187 - INFO - Displaying prediction to user - Session: py_65163 - display_value: 4180.8 grams
2025-09-11 09:47:15,240 - INFO - Session ended - Session: py_65163
2025-09-11 09:47:16,053 - INFO - Shiny for Python application initialized
2025-09-11 09:47:16,115 - INFO - Shiny for Python application created successfully
2025-09-11 09:47:16,221 - INFO - New session started - Session: py_36221
2025-09-11 09:47:16,234 - INFO - API health check successful - Session: py_36221 - response_time: 0.009s
2025-09-11 09:47:30,157 - INFO - Session ended - Session: py_36221
2025-09-11 09:47:31,103 - INFO - Shiny for Python application initialized
2025-09-11 09:47:31,172 - INFO - Shiny for Python application created successfully
2025-09-11 09:47:31,275 - INFO - New session started - Session: py_51275
2025-09-11 09:47:31,292 - INFO - API health check successful - Session: py_51275 - response_time: 0.008s
2025-09-11 09:47:34,143 - INFO - Session ended - Session: py_51275
2025-09-11 09:47:34,981 - INFO - Shiny for Python application initialized
2025-09-11 09:47:35,044 - INFO - Shiny for Python application created successfully
2025-09-11 09:47:35,149 - INFO - New session started - Session: py_55149
2025-09-11 09:47:35,169 - INFO - API health check successful - Session: py_55149 - response_time: 0.013s
2025-09-11 09:47:38,395 - INFO - Session ended - Session: py_55149
2025-09-11 09:47:39,191 - INFO - Shiny for Python application initialized
2025-09-11 09:47:39,256 - INFO - Shiny for Python application created successfully
2025-09-11 09:47:39,361 - INFO - New session started - Session: py_59361
2025-09-11 09:47:39,378 - INFO - API health check successful - Session: py_59361 - response_time: 0.009s
2025-09-11 09:47:43,993 - INFO - Session ended - Session: py_59361
2025-09-11 09:47:44,770 - INFO - Shiny for Python application initialized
2025-09-11 09:47:44,831 - INFO - Shiny for Python application created successfully
2025-09-11 09:47:44,952 - INFO - New session started - Session: py_64952
2025-09-11 09:47:44,969 - INFO - API health check successful - Session: py_64952 - response_time: 0.011s
2025-09-11 09:47:49,282 - INFO - Session ended - Session: py_64952
2025-09-11 09:47:50,111 - INFO - Shiny for Python application initialized
2025-09-11 09:47:50,175 - INFO - Shiny for Python application created successfully
2025-09-11 09:47:50,272 - INFO - New session started - Session: py_70272
2025-09-11 09:47:50,283 - INFO - API health check successful - Session: py_70272 - response_time: 0.007s
2025-09-11 09:47:55,529 - INFO - Session ended - Session: py_70272
2025-09-11 09:47:56,351 - INFO - Shiny for Python application initialized
2025-09-11 09:47:56,413 - INFO - Shiny for Python application created successfully
2025-09-11 09:47:56,527 - INFO - New session started - Session: py_76527
2025-09-11 09:47:56,545 - INFO - API health check successful - Session: py_76527 - response_time: 0.011s
2025-09-11 09:48:20,402 - INFO - Session ended - Session: py_76527
2025-09-11 09:48:21,170 - INFO - Shiny for Python application initialized
2025-09-11 09:48:21,226 - INFO - Shiny for Python application created successfully
2025-09-11 09:48:21,390 - INFO - New session started - Session: py_1390
2025-09-11 09:48:21,405 - INFO - API health check successful - Session: py_1390 - response_time: 0.011s
2025-09-11 09:48:24,673 - INFO - Session ended - Session: py_1390
2025-09-11 09:48:25,480 - INFO - Shiny for Python application initialized
2025-09-11 09:48:25,545 - INFO - Shiny for Python application created successfully
2025-09-11 09:48:25,652 - INFO - New session started - Session: py_5652
2025-09-11 09:48:25,670 - INFO - API health check successful - Session: py_5652 - response_time: 0.013s
2025-09-11 09:48:37,229 - INFO - Session ended - Session: py_5652
2025-09-11 09:48:38,085 - INFO - Shiny for Python application initialized
2025-09-11 09:48:38,146 - INFO - Shiny for Python application created successfully
2025-09-11 09:48:38,252 - INFO - New session started - Session: py_18251
2025-09-11 09:48:38,268 - INFO - API health check successful - Session: py_18251 - response_time: 0.011s
2025-09-11 09:49:10,321 - INFO - Session ended - Session: py_18251
2025-09-11 09:49:11,140 - INFO - Shiny for Python application initialized
2025-09-11 09:49:11,201 - INFO - Shiny for Python application created successfully
2025-09-11 09:49:11,309 - INFO - New session started - Session: py_51309
2025-09-11 09:49:11,326 - INFO - API health check successful - Session: py_51309 - response_time: 0.011s
2025-09-11 09:49:19,776 - INFO - Session ended - Session: py_51309
2025-09-11 09:49:20,577 - INFO - Shiny for Python application initialized
2025-09-11 09:49:20,640 - INFO - Shiny for Python application created successfully
2025-09-11 09:49:20,751 - INFO - New session started - Session: py_60751
2025-09-11 09:49:20,761 - INFO - API health check successful - Session: py_60751 - response_time: 0.005s
2025-09-11 09:50:35,267 - INFO - Session ended - Session: py_60751
2025-09-11 09:50:36,044 - INFO - Shiny for Python application initialized
2025-09-11 09:50:36,113 - INFO - Shiny for Python application created successfully
2025-09-11 09:50:36,232 - INFO - New session started - Session: py_36232
2025-09-11 09:50:36,249 - INFO - API health check successful - Session: py_36232 - response_time: 0.010s
2025-09-11 09:50:37,194 - INFO - Session ended - Session: py_36232
2025-09-11 09:50:38,029 - INFO - Shiny for Python application initialized
2025-09-11 09:50:38,098 - INFO - Shiny for Python application created successfully
2025-09-11 09:50:38,207 - INFO - New session started - Session: py_38207
2025-09-11 09:50:38,226 - INFO - API health check successful - Session: py_38207 - response_time: 0.013s
2025-09-11 09:50:46,077 - INFO - Session ended - Session: py_38207
2025-09-11 09:50:46,934 - INFO - Shiny for Python application initialized
2025-09-11 09:50:46,996 - INFO - Shiny for Python application created successfully
2025-09-11 09:50:47,098 - INFO - New session started - Session: py_47098
2025-09-11 09:50:47,116 - INFO - API health check successful - Session: py_47098 - response_time: 0.011s
2025-09-11 09:52:34,857 - INFO - Session ended - Session: py_47098
2025-09-11 09:52:35,778 - INFO - Shiny for Python application initialized
2025-09-11 09:52:35,837 - INFO - Shiny for Python application created successfully
2025-09-11 09:52:35,994 - INFO - New session started - Session: py_55994
2025-09-11 09:52:36,013 - INFO - API health check successful - Session: py_55994 - response_time: 0.012s
2025-09-11 11:16:17,544 - INFO - Session ended - Session: py_55994
2025-09-11 11:16:18,707 - INFO - Shiny for Python application initialized
2025-09-11 11:16:18,762 - INFO - Shiny for Python application created successfully
2025-09-11 11:16:18,906 - INFO - New session started - Session: py_78906
2025-09-11 11:16:18,924 - INFO - API health check successful - Session: py_78906 - response_time: 0.013s
2025-09-11 11:16:21,094 - INFO - Session ended - Session: py_78906
2025-09-11 11:16:21,829 - INFO - Shiny for Python application initialized
2025-09-11 11:16:21,882 - INFO - Shiny for Python application created successfully
2025-09-11 11:16:21,978 - INFO - New session started - Session: py_81978
2025-09-11 11:16:21,992 - INFO - API health check successful - Session: py_81978 - response_time: 0.008s
2025-09-11 11:16:26,120 - INFO - Session ended - Session: py_81978
2025-09-11 11:16:26,999 - INFO - Shiny for Python application initialized
2025-09-11 11:16:27,053 - INFO - Shiny for Python application created successfully
2025-09-11 11:16:27,150 - INFO - New session started - Session: py_87150
2025-09-11 11:16:27,162 - INFO - API health check successful - Session: py_87150 - response_time: 0.008s
2025-09-11 11:45:25,881 - INFO - Session ended - Session: py_87150
2025-09-11 11:51:23,598 - INFO - Shiny for Python application initialized
2025-09-11 11:51:23,719 - INFO - Shiny for Python application created successfully
2025-09-11 11:51:33,864 - INFO - New session started - Session: py_93864
2025-09-11 11:51:33,880 - INFO - API health check successful - Session: py_93864 - response_time: 0.009s
2025-09-11 11:52:02,854 - INFO - Session ended - Session: py_93864
2025-09-11 11:52:03,867 - INFO - Shiny for Python application initialized
2025-09-11 11:52:03,939 - INFO - Shiny for Python application created successfully
2025-09-11 11:52:04,053 - INFO - New session started - Session: py_24053
2025-09-11 11:52:04,066 - INFO - API health check successful - Session: py_24053 - response_time: 0.008s
2025-09-11 11:52:34,498 - INFO - Session ended - Session: py_24053
2025-09-11 11:52:35,320 - INFO - Shiny for Python application initialized
2025-09-11 11:52:35,380 - INFO - Shiny for Python application created successfully
2025-09-11 11:52:35,481 - INFO - New session started - Session: py_55481
2025-09-11 11:52:35,497 - INFO - API health check successful - Session: py_55481 - response_time: 0.009s
2025-09-11 11:52:40,335 - INFO - Session ended - Session: py_55481
2025-09-11 11:52:41,232 - INFO - Shiny for Python application initialized
2025-09-11 11:52:41,289 - INFO - Shiny for Python application created successfully
2025-09-11 11:52:41,399 - INFO - New session started - Session: py_61399
2025-09-11 11:52:41,411 - INFO - API health check successful - Session: py_61399 - response_time: 0.008s
2025-09-11 11:53:40,391 - INFO - Starting prediction request - Session: py_61399 - request_data: [{"bill_length_mm": 45.0, "species_Chinstrap": 0, "species_Gentoo": 0, "sex_male": 1}]
2025-09-11 11:53:40,406 - INFO - Prediction successful - Session: py_61399 - response_time: 0.015s - prediction: 4180.796549720755
2025-09-11 11:53:40,406 - INFO - Displaying prediction to user - Session: py_61399 - display_value: 4180.8 grams
2025-09-11 11:54:01,729 - INFO - Session ended - Session: py_61399
2025-09-12 06:19:09,271 - INFO - Shiny for Python application initialized
2025-09-12 06:19:09,336 - INFO - Shiny for Python application created successfully
2025-09-12 06:19:18,766 - INFO - New session started - Session: py_58766
2025-09-12 06:19:18,780 - INFO - API health check successful - Session: py_58766 - response_time: 0.009s
2025-09-12 14:05:08,703 - INFO - Session ended - Session: py_58766
2025-09-12 14:05:10,080 - INFO - Shiny for Python application initialized
2025-09-12 14:05:10,141 - INFO - Shiny for Python application created successfully
2025-09-12 14:05:10,406 - INFO - New session started - Session: py_10406
2025-09-12 14:05:10,582 - INFO - API health check successful - Session: py_10406 - response_time: 0.164s
2025-09-12 14:05:20,982 - INFO - Session ended - Session: py_10406
2025-09-13 23:30:16,742 - INFO - Shiny for Python application initialized
2025-09-13 23:30:16,781 - INFO - Shiny for Python application created successfully
2025-09-13 23:30:22,129 - INFO - New session started - Session: py_22128
2025-09-13 23:30:22,151 - INFO - API health check successful - Session: py_22128 - response_time: 0.014s
2025-09-13 23:32:51,202 - INFO - Session ended - Session: py_22128
2025-09-14 21:22:29,446 - INFO - Shiny for Python application initialized
2025-09-14 21:22:29,482 - INFO - Shiny for Python application created successfully
2025-09-14 21:22:34,611 - INFO - New session started - Session: py_54611
2025-09-14 21:29:38,027 - INFO - Session ended - Session: py_54611
2025-09-14 21:29:38,874 - INFO - Shiny for Python application initialized
2025-09-14 21:29:38,912 - INFO - Shiny for Python application created successfully
2025-09-14 21:29:39,024 - INFO - New session started - Session: py_79024
2025-09-14 22:06:41,545 - INFO - Session ended - Session: py_79024
2025-09-15 06:58:49,530 - INFO - Shiny for Python application initialized
2025-09-15 06:58:49,569 - INFO - Shiny for Python application created successfully
2025-09-15 06:58:53,346 - INFO - New session started - Session: py_33346
2025-09-15 07:05:53,286 - INFO - Session ended - Session: py_33346
2025-09-15 07:05:54,370 - INFO - Shiny for Python application initialized
2025-09-15 07:05:54,431 - INFO - Shiny for Python application created successfully
2025-09-15 07:05:54,559 - INFO - New session started - Session: py_54559
2025-09-15 08:57:27,217 - INFO - Session ended - Session: py_54559
2025-09-15 08:57:28,241 - INFO - Shiny for Python application initialized
2025-09-15 08:57:28,301 - INFO - Shiny for Python application created successfully
2025-09-15 08:57:28,431 - INFO - New session started - Session: py_48431
2025-09-17 14:25:44,863 - INFO - Shiny for Python application initialized
2025-09-17 14:25:44,916 - INFO - Shiny for Python application created successfully
2025-09-17 14:25:48,927 - INFO - New session started - Session: py_48927
2025-09-17 14:26:12,034 - INFO - Session ended - Session: py_48927
2025-09-18 14:05:17,837 - INFO - Shiny for Python application initialized
2025-09-18 14:05:17,888 - INFO - Shiny for Python application created successfully
2025-09-18 14:05:23,649 - INFO - New session started - Session: py_23649
2025-09-18 14:05:44,461 - INFO - Starting prediction request - Session: py_23649 - request_data: [{"bill_length_mm": 45.0, "species_Chinstrap": 0, "species_Gentoo": 0, "sex_male": 1}]
2025-09-18 14:05:44,471 - INFO - Prediction successful - Session: py_23649 - response_time: 0.011s - prediction: 4180.796549720755
2025-09-18 14:05:44,472 - INFO - Displaying prediction to user - Session: py_23649 - display_value: 4180.8 grams
2025-09-18 14:05:58,985 - INFO - Session ended - Session: py_23649
2025-09-19 00:15:50,081 - INFO - Shiny for Python application initialized
2025-09-19 00:15:50,130 - INFO - Shiny for Python application created successfully
2025-09-19 00:15:54,427 - INFO - New session started - Session: py_54427
2025-09-19 00:16:52,443 - INFO - New session started - Session: py_12442
2025-09-19 00:17:03,280 - INFO - Session ended - Session: py_12442
2025-09-19 00:21:15,652 - INFO - Session ended - Session: py_54427
2025-09-19 00:21:16,762 - INFO - Shiny for Python application initialized
2025-09-19 00:21:16,820 - INFO - Shiny for Python application created successfully
2025-09-19 00:21:17,046 - INFO - New session started - Session: py_77046
2025-09-19 00:29:24,378 - INFO - Starting prediction request - Session: py_77046 - request_data: [{"bill_length_mm": 45.0, "species_Chinstrap": 0, "species_Gentoo": 0, "sex_male": 1}]
2025-09-19 00:29:24,423 - INFO - Prediction successful - Session: py_77046 - response_time: 0.045s - prediction: 4180.796549720755
2025-09-19 00:29:24,424 - INFO - Displaying prediction to user - Session: py_77046 - display_value: 4180.8 grams
2025-09-19 00:29:49,512 - INFO - Session ended - Session: py_77046
2025-09-19 07:35:59,560 - INFO - Shiny for Python application initialized
2025-09-19 07:35:59,609 - INFO - Shiny for Python application created successfully
2025-09-19 07:36:18,468 - INFO - New session started - Session: py_78468
2025-09-21 22:41:26,894 - INFO - Shiny for Python application initialized
2025-09-21 22:41:27,104 - INFO - Shiny for Python application created successfully
2025-09-21 22:41:33,617 - INFO - New session started - Session: py_93617
2025-09-22 06:31:42,430 - INFO - Shiny for Python application initialized
2025-09-22 06:31:42,468 - INFO - Shiny for Python application created successfully
2025-09-22 06:31:55,397 - INFO - New session started - Session: py_15397
2025-09-23 10:58:09,704 - INFO - Shiny for Python application initialized
2025-09-23 10:58:09,753 - INFO - Shiny for Python application created successfully
2025-09-23 10:58:16,750 - INFO - New session started - Session: py_96750
2025-09-23 14:27:20,740 - INFO - Session ended - Session: py_96750
2025-10-02 10:19:22,823 - INFO - Shiny for Python application initialized
2025-10-02 10:19:22,873 - INFO - Shiny for Python application created successfully
2025-10-02 10:19:27,589 - INFO - New session started - Session: py_67589
2025-10-02 10:53:25,898 - INFO - Session ended - Session: py_67589
2025-10-12 21:53:37,520 - INFO - Shiny for Python application initialized
2025-10-12 21:53:37,643 - INFO - Shiny for Python application created successfully
2025-10-12 21:53:43,144 - INFO - New session started - Session: py_23144
2025-10-13 12:01:21,310 - INFO - Shiny for Python application initialized
2025-10-13 12:01:21,363 - INFO - Shiny for Python application created successfully
2025-10-13 12:01:28,876 - INFO - New session started - Session: py_88876
2025-10-13 12:02:00,136 - INFO - Session ended - Session: py_88876
2025-10-13 12:03:35,061 - INFO - Shiny for Python application initialized
2025-10-13 12:03:35,115 - INFO - Shiny for Python application created successfully
2025-10-13 12:03:39,345 - INFO - New session started - Session: py_19345
2025-10-13 22:58:46,798 - INFO - Shiny for Python application initialized
2025-10-13 22:58:46,849 - INFO - Shiny for Python application created successfully
2025-10-13 22:58:51,101 - INFO - New session started - Session: py_31101
2025-10-13 23:33:03,557 - INFO - Session ended - Session: py_31101
2025-10-14 07:12:10,238 - INFO - Shiny for Python application initialized
2025-10-14 07:12:10,290 - INFO - Shiny for Python application created successfully
2025-10-14 14:46:36,719 - INFO - New session started - Session: py_96719
2025-10-14 14:54:03,365 - INFO - Starting prediction request - Session: py_96719 - request_data: [{"bill_length_mm": 45.0, "species_Chinstrap": 0, "species_Gentoo": 0, "sex_male": 1}]
2025-10-14 14:54:04,042 - INFO - Prediction successful - Session: py_96719 - response_time: 0.677s - prediction: 4180.796549720755
2025-10-14 14:54:04,044 - INFO - Displaying prediction to user - Session: py_96719 - display_value: 4180.8 grams
